<html>
<body>
<pre>
<h1>µVision Build Log</h1>
<h2>Tool Versions:</h2>
IDE-Version: ¦ÌVision V5.25.2.0
Copyright (C) 2018 ARM Ltd and ARM Germany GmbH. All rights reserved.
License Information: YANG Z, HNU, LIC=0VRJJ-UZ32E-INRA7-EAGAX-5NI00-IGANR
 
Tool Versions:
Toolchain:       MDK-ARM Professional  Version: 5.25.2.0
Toolchain Path:  D:\LenovoSoftstore\Install\KEIL\ARM\ARMCC\Bin
C Compiler:      Armcc.exe V5.06 update 6 (build 750)
Assembler:       Armasm.exe V5.06 update 6 (build 750)
Linker/Locator:  ArmLink.exe V5.06 update 6 (build 750)
Library Manager: ArmAr.exe V5.06 update 6 (build 750)
Hex Converter:   FromElf.exe V5.06 update 6 (build 750)
CPU DLL:         SARMCM3.DLL V5.25.2.0
Dialog DLL:      DCM.DLL V1.17.1.0
Target DLL:      Segger\JL2CM3.dll V2.99.29.0
Dialog DLL:      TCM.DLL V1.35.1.0
 
<h2>Project:</h2>
D:\LenovoSoftstore\Install\OneOS-V2.2.0\projects\stm32l475-cmcc-oneos\project.uvprojx
Project File Date:  06/22/2022

<h2>Output:</h2>
*** Using Compiler 'V5.06 update 6 (build 750)', folder: 'D:\LenovoSoftstore\Install\KEIL\ARM\ARMCC\Bin'
Rebuild target 'oneos'
assembling arch_task_switch_rvds.S...
assembling arch_exception_rvds.S...
compiling arch_exception.c...
compiling arch_task.c...
compiling arch_misc.c...
compiling arch_atomic.c...
compiling arch_interrupt.c...
assembling startup_stm32l475xx_arm.s...
compiling main.c...
application\main.c(15): warning:  #223-D: function "onenet_upload_cycle_start" declared implicitly
  	onenet_upload_cycle_start();
application\main.c: 1 warning, 0 errors
compiling infrared_func.c...
compiling audio_player.c...
compiling onenet_process.c...
application\onenet_process.c(107): warning:  #1035-D: single-precision operand implicitly converted to double-precision
  						if(temp_value > 27.0)
application\onenet_process.c(108): warning:  #223-D: function "infrared_send_ac" declared implicitly
  							infrared_send_ac();
application\onenet_process.c(65): warning:  #177-D: variable "argv"  was declared but never referenced
  		double *argv = (double*)arg;
application\onenet_process.c: 3 warnings, 0 errors
compiling audio_recorder.c...
compiling es8388.c...
compiling bsp.c...
compiling es8388_ll.c...
compiling sai.c...
compiling board.c...
compiling stm32l4xx_hal_msp.c...
compiling cJSON_port.c...
compiling option_parse.c...
compiling stm32l4xx_it_bsp.c...
compiling cJSON_Utils.c...
compiling ring_blk_buff.c...
compiling ring_buff.c...
compiling cJSON.c...
compiling system_stm32l4xx.c...
compiling can.c...
compiling dlog.c...
compiling device.c...
compiling driver.c...
compiling console_backend.c...
compiling fal.c...
compiling bus.c...
compiling block_device.c...
compiling console.c...
compiling clocksource_cortexm.c...
compiling clockevent.c...
compiling clocksource.c...
compiling dma_ram.c...
compiling hw_crc.c...
compiling hw_rng.c...
compiling hrtimer.c...
compiling fal_part.c...
compiling hwcrypto.c...
compiling pin.c...
compiling plug.c...
compiling push_button.c...
compiling fal_block.c...
compiling pwm.c...
compiling rtc.c...
compiling qspi_core.c...
compiling fal_mtd.c...
compiling sfbus.c...
compiling sfdp.c...
compiling sflash_info.c...
compiling sfdp_basic.c...
compiling soft_dma.c...
compiling sflash.c...
compiling i2c.c...
compiling mtd.c...
compiling spi_dev.c...
compiling spi_core.c...
compiling timer.c...
compiling watchdog.c...
compiling serial.c...
compiling spi_msd.c...
compiling diskio.c...
compiling syscall.c...
compiling soft_i2c_bus.c...
compiling fs_cmd.c...
compiling soft_i2c_bus_config.c...
compiling unicode.c...
compiling vfs_fd.c...
compiling vfs.c...
compiling font_asc2_1608.c...
compiling ff.c...
compiling spi_tfcard.c...
compiling vector_table.c...
compiling vfs_fatfs.c...
compiling vfs_misc.c...
compiling font_asc2_2412.c...
compiling vfs_fs.c...
compiling vfs_posix.c...
compiling font_asc2_3216.c...
compiling graphic.c...
compiling stm32_devices.c...
compiling st7789vw.c...
compiling drv_crypto_crc.c...
compiling drv_crypto_rng.c...
compiling drv_common.c...
compiling drv_can.c...
compiling drv_flash_l4.c...
compiling drv_iwdg.c...
compiling drv_hwtimer.c...
compiling drv_gpio.c...
compiling drv_lptim.c...
compiling stm32l4xx_hal_comp.c...
compiling stm32l4xx_hal.c...
compiling drv_pwm.c...
compiling stm32l4xx_hal_can.c...
compiling drv_qspi.c...
compiling drv_rtc.c...
compiling drv_sai.c...
compiling drv_spi.c...
compiling drv_usart.c...
compiling drv_usbd.c...
compiling stm32l4xx_hal_cortex.c...
compiling stm32l4xx_hal_crc.c...
compiling stm32l4xx_hal_crc_ex.c...
compiling stm32l4xx_hal_cryp.c...
compiling stm32l4xx_hal_cryp_ex.c...
compiling stm32l4xx_hal_dma_ex.c...
compiling stm32l4xx_hal_dma.c...
compiling stm32l4xx_hal_exti.c...
compiling stm32l4xx_hal_flash.c...
compiling stm32l4xx_hal_flash_ramfunc.c...
compiling stm32l4xx_hal_flash_ex.c...
compiling stm32l4xx_hal_gpio.c...
compiling stm32l4xx_hal_hcd.c...
compiling stm32l4xx_hal_iwdg.c...
compiling stm32l4xx_hal_pcd_ex.c...
compiling stm32l4xx_hal_pwr.c...
compiling stm32l4xx_hal_lptim.c...
compiling stm32l4xx_hal_pcd.c...
compiling stm32l4xx_hal_pwr_ex.c...
compiling stm32l4xx_hal_rcc.c...
compiling stm32l4xx_hal_qspi.c...
compiling stm32l4xx_hal_rcc_ex.c...
compiling stm32l4xx_hal_rng.c...
compiling stm32l4xx_hal_rtc.c...
compiling stm32l4xx_hal_rtc_ex.c...
compiling stm32l4xx_hal_sai_ex.c...
compiling stm32l4xx_hal_sd.c...
compiling stm32l4xx_hal_sd_ex.c...
compiling stm32l4xx_hal_spi_ex.c...
compiling stm32l4xx_hal_sai.c...
compiling stm32l4xx_hal_spi.c...
compiling stm32l4xx_hal_tim_ex.c...
compiling stm32l4xx_hal_uart_ex.c...
compiling os_block.c...
compiling stm32l4xx_hal_usart.c...
compiling stm32l4xx_ll_sdmmc.c...
compiling stm32l4xx_hal_uart.c...
compiling stm32l4xx_hal_usart_ex.c...
compiling os_clock.c...
compiling stm32l4xx_hal_tim.c...
compiling stm32l4xx_ll_usb.c...
compiling os_idle.c...
compiling os_kernel_lock.c...
compiling os_event.c...
compiling remote_control_atk.c...
compiling os_mem_pool.c...
compiling infrared.c...
compiling os_memory.c...
compiling os_mem_firstfit.c...
compiling os_mb.c...
compiling os_sched.c...
compiling os_mq.c...
compiling os_mutex.c...
compiling os_sem.c...
compiling os_spinlock.c...
compiling os_kernel_log.c...
compiling os_startup.c...
compiling os_version.c...
compiling os_timer.c...
compiling os_task.c...
compiling os_workqueue.c...
compiling access.c...
compiling chdir.c...
compiling close.c...
compiling gmtime_r.c...
compiling dirent.c...
compiling fcntl.c...
compiling fstat.c...
compiling fsync.c...
compiling libc.c...
compiling getcwd.c...
compiling ioctl.c...
compiling lseek.c...
compiling mem_std.c...
compiling os_util.c...
compiling mkdir.c...
compiling open.c...
compiling strnlen.c...
compiling strdup.c...
compiling stdio.c...
compiling read.c...
compiling rename.c...
compiling statfs.c...
compiling rmdir.c...
compiling stat.c...
compiling time.c...
compiling stubs.c...
compiling unlink.c...
compiling write.c...
compiling at_resp.c...
compiling at_printf.c...
compiling esp8266_general.c...
compiling esp8266_ifconfig.c...
compiling esp8266_ping.c...
compiling at_parser.c...
compiling esp8266.c...
compiling mo_common.c...
compiling esp8266_netconn.c...
compiling esp8266_wifi.c...
compiling mo_ipaddr.c...
compiling mo_ifconfig.c...
compiling mo_general.c...
compiling mo_factory.c...
compiling mo_lib.c...
compiling mo_ping.c...
compiling mo_object.c...
compiling mo_time.c...
compiling mo_netconn.c...
compiling ca_certificate.c...
compiling onenet_base64.c...
compiling hmac_sha1.c...
compiling mo_wifi.c...
compiling token.c...
compiling mo_socket.c...
compiling MQTTConnectClient.c...
compiling MQTTConnectServer.c...
compiling MQTTDeserializePublish.c...
compiling MQTTFormat.c...
compiling MQTTClient.c...
compiling MQTTPacket.c...
compiling MQTTSerializePublish.c...
compiling MQTTSubscribeClient.c...
compiling MQTTSubscribeServer.c...
compiling onenet_mqtts.c...
compiling MQTTUnsubscribeClient.c...
compiling MQTTUnsubscribeServer.c...
compiling MQTTOneOS.c...
compiling mpu6xxx.c...
compiling sensor_inven_mpu6xxx.c...
compiling shell_buildin_cmd.c...
compiling shell_symbol.c...
compiling shell_main.c...
compiling shell_process.c...
compiling socket.c...
compiling aht10.c...
compiling mpu6xxx_port.c...
compiling sensor.c...
compiling ap3216c.c...
compiling proto_usbd_ioreq.c...
compiling proto_usbd_core.c...
compiling proto_usbd_ctlreq.c...
linking...
Program Size: Code=324628 RO-data=32512 RW-data=3104 ZI-data=29356  
FromELF: creating hex file...
After Build - User command #1: fromelf --bin .\build\keil\Obj\project.axf --output oneos.bin
".\build\keil\Obj\project.axf" - 0 Error(s), 4 Warning(s).

<h2>Software Packages used:</h2>

Package Vendor: Keil
                http://www.keil.com/pack/Keil.STM32L4xx_DFP.2.6.1.pack
                Keil.STM32L4xx_DFP.2.6.1
                STMicroelectronics STM32L4 Series Device Support, Drivers and Examples

<h2>Collection of Component include folders:</h2>
  .\RTE\_oneos
  D:\LenovoSoftstore\Install\KEIL\ARM\PACK\Keil\STM32L4xx_DFP\2.6.1\Drivers\CMSIS\Device\ST\STM32L4xx\Include

<h2>Collection of Component Files used:</h2>
Build Time Elapsed:  00:00:11
</pre>
</body>
</html>
